0 verbose cli C:\Program Files\nodejs\node.exe C:\Program Files\nodejs\node_modules\npm\bin\npm-cli.js
1 info using npm@10.9.2
2 info using node@v22.14.0
3 silly config load:file:C:\Program Files\nodejs\node_modules\npm\npmrc
4 silly config load:file:D:\salepageclassicv2\.npmrc
5 silly config load:file:C:\Users\kittichon\.npmrc
6 silly config load:file:C:\Users\kittichon\AppData\Roaming\npm\etc\npmrc
7 verbose title npm install next@16.2.6 react@19.2.4 react-dom@19.2.4 framer-motion@^12.38.0 lucide-react@^1.14.0 clsx@^2.1.1
8 verbose argv "install" "next@16.2.6" "react@19.2.4" "react-dom@19.2.4" "framer-motion@^12.38.0" "lucide-react@^1.14.0" "clsx@^2.1.1"
9 verbose logfile logs-max:10 dir:D:\salepageclassicv2\npm-cache\_logs\2026-05-14T04_57_10_899Z-
10 verbose logfile D:\salepageclassicv2\npm-cache\_logs\2026-05-14T04_57_10_899Z-debug-0.log
11 silly logfile done cleaning log files
12 silly packumentCache heap:4345298944 maxSize:1086324736 maxEntrySize:543162368
13 silly idealTree buildDeps
14 silly fetch manifest next@16.2.6
15 silly packumentCache full:https://registry.npmjs.org/next cache-miss
16 http fetch GET 200 https://registry.npmjs.org/next 941ms (cache miss)
17 silly packumentCache full:https://registry.npmjs.org/next set size:undefined disposed:false
18 silly fetch manifest @opentelemetry/api@^1.1.0
19 silly packumentCache full:https://registry.npmjs.org/@opentelemetry%2fapi cache-miss
20 http fetch GET 200 https://registry.npmjs.org/@opentelemetry%2fapi 100ms (cache miss)
21 silly packumentCache full:https://registry.npmjs.org/@opentelemetry%2fapi set size:undefined disposed:false
22 silly fetch manifest @playwright/test@^1.51.1
23 silly packumentCache full:https://registry.npmjs.org/@playwright%2ftest cache-miss
24 http fetch GET 200 https://registry.npmjs.org/@playwright%2ftest 359ms (cache miss)
25 silly packumentCache full:https://registry.npmjs.org/@playwright%2ftest set size:undefined disposed:false
26 silly fetch manifest babel-plugin-react-compiler@*
27 silly packumentCache full:https://registry.npmjs.org/babel-plugin-react-compiler cache-miss
28 http fetch GET 200 https://registry.npmjs.org/babel-plugin-react-compiler 100ms (cache miss)
29 silly packumentCache full:https://registry.npmjs.org/babel-plugin-react-compiler set size:undefined disposed:false
30 silly fetch manifest react@19.2.4
31 silly packumentCache full:https://registry.npmjs.org/react cache-miss
32 http fetch GET 200 https://registry.npmjs.org/react 239ms (cache miss)
33 silly packumentCache full:https://registry.npmjs.org/react set size:undefined disposed:false
34 silly fetch manifest react-dom@19.2.4
35 silly packumentCache full:https://registry.npmjs.org/react-dom cache-miss
36 http fetch GET 200 https://registry.npmjs.org/react-dom 310ms (cache miss)
37 silly packumentCache full:https://registry.npmjs.org/react-dom set size:undefined disposed:false
38 silly fetch manifest sass@^1.3.0
39 silly packumentCache full:https://registry.npmjs.org/sass cache-miss
40 http fetch GET 200 https://registry.npmjs.org/sass 100ms (cache miss)
41 silly packumentCache full:https://registry.npmjs.org/sass set size:undefined disposed:false
42 silly fetch manifest framer-motion@^12.38.0
43 silly packumentCache full:https://registry.npmjs.org/framer-motion cache-miss
44 http fetch GET 200 https://registry.npmjs.org/framer-motion 231ms (cache miss)
45 silly packumentCache full:https://registry.npmjs.org/framer-motion set size:undefined disposed:false
46 silly fetch manifest @emotion/is-prop-valid@*
47 silly packumentCache full:https://registry.npmjs.org/@emotion%2fis-prop-valid cache-miss
48 http fetch GET 200 https://registry.npmjs.org/@emotion%2fis-prop-valid 101ms (cache miss)
49 silly packumentCache full:https://registry.npmjs.org/@emotion%2fis-prop-valid set size:undefined disposed:false
50 silly fetch manifest lucide-react@^1.14.0
51 silly packumentCache full:https://registry.npmjs.org/lucide-react cache-miss
52 http fetch GET 200 https://registry.npmjs.org/lucide-react 122ms (cache miss)
53 silly packumentCache full:https://registry.npmjs.org/lucide-react set size:undefined disposed:false
54 silly fetch manifest clsx@^2.1.1
55 silly packumentCache full:https://registry.npmjs.org/clsx cache-miss
56 http fetch GET 200 https://registry.npmjs.org/clsx 67ms (cache miss)
57 silly packumentCache full:https://registry.npmjs.org/clsx set size:undefined disposed:false
58 silly placeDep ROOT clsx@2.1.1 OK for: salepageclassicv2@0.1.0 want: ^2.1.1
59 silly placeDep ROOT framer-motion@12.38.0 OK for: salepageclassicv2@0.1.0 want: ^12.38.0
60 silly placeDep ROOT lucide-react@1.14.0 OK for: salepageclassicv2@0.1.0 want: ^1.14.0
61 silly placeDep ROOT react@19.2.4 OK for: lucide-react@1.14.0 want: ^16.5.1 || ^17.0.0 || ^18.0.0 || ^19.0.0
62 silly placeDep ROOT next@16.2.6 OK for: salepageclassicv2@0.1.0 want: 16.2.6
63 silly placeDep ROOT react-dom@19.2.4 OK for: next@16.2.6 want: ^18.2.0 || 19.0.0-rc-de68d2f4-20241204 || ^19.0.0
64 silly placeDep ROOT react@19.2.4 REPLACE for: salepageclassicv2@0.1.0 want: 19.2.4
65 silly placeDep ROOT react-dom@19.2.4 REPLACE for: salepageclassicv2@0.1.0 want: 19.2.4
66 silly fetch manifest tslib@^2.4.0
67 silly packumentCache full:https://registry.npmjs.org/tslib cache-miss
68 silly fetch manifest motion-dom@^12.38.0
69 silly packumentCache full:https://registry.npmjs.org/motion-dom cache-miss
70 silly fetch manifest motion-utils@^12.36.0
71 silly packumentCache full:https://registry.npmjs.org/motion-utils cache-miss
72 silly fetch manifest postcss@8.4.31
73 silly packumentCache full:https://registry.npmjs.org/postcss cache-miss
74 silly fetch manifest @next/env@16.2.6
75 silly packumentCache full:https://registry.npmjs.org/@next%2fenv cache-miss
76 silly fetch manifest styled-jsx@5.1.6
77 silly packumentCache full:https://registry.npmjs.org/styled-jsx cache-miss
78 silly fetch manifest @swc/helpers@0.5.15
79 silly packumentCache full:https://registry.npmjs.org/@swc%2fhelpers cache-miss
80 silly fetch manifest caniuse-lite@^1.0.30001579
81 silly packumentCache full:https://registry.npmjs.org/caniuse-lite cache-miss
82 silly fetch manifest baseline-browser-mapping@^2.9.19
83 silly packumentCache full:https://registry.npmjs.org/baseline-browser-mapping cache-miss
84 silly fetch manifest sharp@^0.34.5
85 silly packumentCache full:https://registry.npmjs.org/sharp cache-miss
86 silly fetch manifest @next/swc-darwin-x64@16.2.6
87 silly packumentCache full:https://registry.npmjs.org/@next%2fswc-darwin-x64 cache-miss
88 silly fetch manifest @next/swc-darwin-arm64@16.2.6
89 silly packumentCache full:https://registry.npmjs.org/@next%2fswc-darwin-arm64 cache-miss
90 silly fetch manifest @next/swc-linux-x64-gnu@16.2.6
91 silly packumentCache full:https://registry.npmjs.org/@next%2fswc-linux-x64-gnu cache-miss
92 silly fetch manifest @next/swc-linux-x64-musl@16.2.6
93 silly packumentCache full:https://registry.npmjs.org/@next%2fswc-linux-x64-musl cache-miss
94 silly fetch manifest @next/swc-win32-x64-msvc@16.2.6
95 silly packumentCache full:https://registry.npmjs.org/@next%2fswc-win32-x64-msvc cache-miss
96 http fetch GET 200 https://registry.npmjs.org/tslib 106ms (cache miss)
97 silly packumentCache full:https://registry.npmjs.org/tslib set size:undefined disposed:false
98 silly fetch manifest @next/swc-linux-arm64-gnu@16.2.6
99 silly packumentCache full:https://registry.npmjs.org/@next%2fswc-linux-arm64-gnu cache-miss
100 http fetch GET 200 https://registry.npmjs.org/motion-utils 194ms (cache miss)
101 silly packumentCache full:https://registry.npmjs.org/motion-utils set size:undefined disposed:false
102 silly fetch manifest @next/swc-linux-arm64-musl@16.2.6
103 silly packumentCache full:https://registry.npmjs.org/@next%2fswc-linux-arm64-musl cache-miss
104 http fetch GET 200 https://registry.npmjs.org/motion-dom 208ms (cache miss)
105 silly packumentCache full:https://registry.npmjs.org/motion-dom set size:undefined disposed:false
106 silly fetch manifest @next/swc-win32-arm64-msvc@16.2.6
107 silly packumentCache full:https://registry.npmjs.org/@next%2fswc-win32-arm64-msvc cache-miss
108 http fetch GET 200 https://registry.npmjs.org/baseline-browser-mapping 211ms (cache miss)
109 silly packumentCache full:https://registry.npmjs.org/baseline-browser-mapping set size:undefined disposed:false
110 silly fetch manifest scheduler@^0.27.0
111 silly packumentCache full:https://registry.npmjs.org/scheduler cache-miss
112 http fetch GET 200 https://registry.npmjs.org/styled-jsx 229ms (cache miss)
113 silly packumentCache full:https://registry.npmjs.org/styled-jsx set size:undefined disposed:false
114 silly fetch manifest scheduler@^0.27.0
115 silly packumentCache full:https://registry.npmjs.org/scheduler cache-miss
116 http fetch GET 200 https://registry.npmjs.org/sharp 247ms (cache miss)
117 silly packumentCache full:https://registry.npmjs.org/sharp set size:undefined disposed:false
118 http fetch GET 200 https://registry.npmjs.org/@swc%2fhelpers 296ms (cache miss)
119 silly packumentCache full:https://registry.npmjs.org/@swc%2fhelpers set size:undefined disposed:false
120 http fetch GET 200 https://registry.npmjs.org/postcss 303ms (cache miss)
121 silly packumentCache full:https://registry.npmjs.org/postcss set size:undefined disposed:false
122 http fetch GET 200 https://registry.npmjs.org/caniuse-lite 373ms (cache miss)
123 silly packumentCache full:https://registry.npmjs.org/caniuse-lite set size:undefined disposed:false
124 http fetch GET 200 https://registry.npmjs.org/@next%2fswc-linux-arm64-gnu 342ms (cache miss)
125 silly packumentCache full:https://registry.npmjs.org/@next%2fswc-linux-arm64-gnu set size:undefined disposed:false
126 http fetch GET 200 https://registry.npmjs.org/@next%2fswc-linux-x64-gnu 531ms (cache miss)
127 silly packumentCache full:https://registry.npmjs.org/@next%2fswc-linux-x64-gnu set size:undefined disposed:false
128 http fetch GET 200 https://registry.npmjs.org/@next%2fswc-win32-x64-msvc 562ms (cache miss)
129 silly packumentCache full:https://registry.npmjs.org/@next%2fswc-win32-x64-msvc set size:undefined disposed:false
130 http fetch GET 200 https://registry.npmjs.org/@next%2fswc-linux-x64-musl 595ms (cache miss)
131 silly packumentCache full:https://registry.npmjs.org/@next%2fswc-linux-x64-musl set size:undefined disposed:false
132 http fetch GET 200 https://registry.npmjs.org/@next%2fenv 628ms (cache miss)
133 silly packumentCache full:https://registry.npmjs.org/@next%2fenv set size:undefined disposed:false
134 http fetch GET 200 https://registry.npmjs.org/@next%2fswc-darwin-arm64 674ms (cache miss)
135 silly packumentCache full:https://registry.npmjs.org/@next%2fswc-darwin-arm64 set size:undefined disposed:false
136 http fetch GET 200 https://registry.npmjs.org/@next%2fswc-win32-arm64-msvc 488ms (cache miss)
137 silly packumentCache full:https://registry.npmjs.org/@next%2fswc-win32-arm64-msvc set size:undefined disposed:false
138 http fetch GET 200 https://registry.npmjs.org/@next%2fswc-darwin-x64 727ms (cache miss)
139 silly packumentCache full:https://registry.npmjs.org/@next%2fswc-darwin-x64 set size:undefined disposed:false
140 http fetch GET 200 https://registry.npmjs.org/@next%2fswc-linux-arm64-musl 554ms (cache miss)
141 silly packumentCache full:https://registry.npmjs.org/@next%2fswc-linux-arm64-musl set size:undefined disposed:false
142 http fetch GET 200 https://registry.npmjs.org/scheduler 546ms (cache miss)
143 silly packumentCache full:https://registry.npmjs.org/scheduler set size:undefined disposed:false
144 http fetch GET 200 https://registry.npmjs.org/scheduler 586ms (cache miss)
145 silly packumentCache full:https://registry.npmjs.org/scheduler set size:undefined disposed:false
146 silly placeDep ROOT motion-dom@12.38.0 OK for: framer-motion@12.38.0 want: ^12.38.0
147 silly placeDep ROOT motion-utils@12.36.0 OK for: framer-motion@12.38.0 want: ^12.36.0
148 silly placeDep ROOT tslib@2.8.1 OK for: framer-motion@12.38.0 want: ^2.4.0
149 silly fetch manifest react@^18.2.0 || 19.0.0-rc-de68d2f4-20241204 || ^19.0.0
150 silly packumentCache full:https://registry.npmjs.org/react cache-miss
151 http cache https://registry.npmjs.org/react 23ms (cache hit)
152 silly packumentCache full:https://registry.npmjs.org/react set size:6650647 disposed:false
153 silly placeDep ROOT @next/env@16.2.6 OK for: next@16.2.6 want: 16.2.6
154 silly placeDep ROOT @next/swc-darwin-arm64@16.2.6 OK for: next@16.2.6 want: 16.2.6
155 silly placeDep ROOT @next/swc-darwin-x64@16.2.6 OK for: next@16.2.6 want: 16.2.6
156 silly placeDep ROOT @next/swc-linux-arm64-gnu@16.2.6 OK for: next@16.2.6 want: 16.2.6
157 silly placeDep ROOT @next/swc-linux-arm64-musl@16.2.6 OK for: next@16.2.6 want: 16.2.6
158 silly placeDep ROOT @next/swc-linux-x64-gnu@16.2.6 OK for: next@16.2.6 want: 16.2.6
159 silly placeDep ROOT @next/swc-linux-x64-musl@16.2.6 OK for: next@16.2.6 want: 16.2.6
160 silly placeDep ROOT @next/swc-win32-arm64-msvc@16.2.6 OK for: next@16.2.6 want: 16.2.6
161 silly placeDep ROOT @next/swc-win32-x64-msvc@16.2.6 OK for: next@16.2.6 want: 16.2.6
162 silly placeDep ROOT @swc/helpers@0.5.15 OK for: next@16.2.6 want: 0.5.15
163 silly placeDep ROOT baseline-browser-mapping@2.10.29 OK for: next@16.2.6 want: ^2.9.19
164 silly placeDep ROOT caniuse-lite@1.0.30001792 OK for: next@16.2.6 want: ^1.0.30001579
165 silly placeDep ROOT postcss@8.4.31 OK for: next@16.2.6 want: 8.4.31
166 silly placeDep ROOT sharp@0.34.5 OK for: next@16.2.6 want: ^0.34.5
167 silly placeDep ROOT styled-jsx@5.1.6 OK for: next@16.2.6 want: 5.1.6
168 silly fetch manifest nanoid@^3.3.6
169 silly packumentCache full:https://registry.npmjs.org/nanoid cache-miss
170 silly fetch manifest picocolors@^1.0.0
171 silly packumentCache full:https://registry.npmjs.org/picocolors cache-miss
172 silly fetch manifest source-map-js@^1.0.2
173 silly packumentCache full:https://registry.npmjs.org/source-map-js cache-miss
174 silly fetch manifest semver@^7.7.3
175 silly packumentCache full:https://registry.npmjs.org/semver cache-miss
176 silly fetch manifest @img/colour@^1.0.0
177 silly packumentCache full:https://registry.npmjs.org/@img%2fcolour cache-miss
178 silly fetch manifest detect-libc@^2.1.2
179 silly packumentCache full:https://registry.npmjs.org/detect-libc cache-miss
180 silly fetch manifest @img/sharp-wasm32@0.34.5
181 silly packumentCache full:https://registry.npmjs.org/@img%2fsharp-wasm32 cache-miss
182 silly fetch manifest @img/sharp-linux-arm@0.34.5
183 silly packumentCache full:https://registry.npmjs.org/@img%2fsharp-linux-arm cache-miss
184 silly fetch manifest @img/sharp-linux-x64@0.34.5
185 silly packumentCache full:https://registry.npmjs.org/@img%2fsharp-linux-x64 cache-miss
186 silly fetch manifest @img/sharp-win32-x64@0.34.5
187 silly packumentCache full:https://registry.npmjs.org/@img%2fsharp-win32-x64 cache-miss
188 silly fetch manifest @img/sharp-darwin-x64@0.34.5
189 silly packumentCache full:https://registry.npmjs.org/@img%2fsharp-darwin-x64 cache-miss
190 silly fetch manifest @img/sharp-win32-ia32@0.34.5
191 silly packumentCache full:https://registry.npmjs.org/@img%2fsharp-win32-ia32 cache-miss
192 silly fetch manifest @img/sharp-linux-arm64@0.34.5
193 silly packumentCache full:https://registry.npmjs.org/@img%2fsharp-linux-arm64 cache-miss
194 silly fetch manifest @img/sharp-linux-ppc64@0.34.5
195 silly packumentCache full:https://registry.npmjs.org/@img%2fsharp-linux-ppc64 cache-miss
196 silly fetch manifest @img/sharp-linux-s390x@0.34.5
197 silly packumentCache full:https://registry.npmjs.org/@img%2fsharp-linux-s390x cache-miss
198 http fetch GET 200 https://registry.npmjs.org/detect-libc 64ms (cache miss)
199 silly packumentCache full:https://registry.npmjs.org/detect-libc set size:undefined disposed:false
200 silly fetch manifest @img/sharp-win32-arm64@0.34.5
201 silly packumentCache full:https://registry.npmjs.org/@img%2fsharp-win32-arm64 cache-miss
202 http fetch GET 200 https://registry.npmjs.org/picocolors 72ms (cache miss)
203 silly packumentCache full:https://registry.npmjs.org/picocolors set size:undefined disposed:false
204 silly fetch manifest @img/sharp-darwin-arm64@0.34.5
205 silly packumentCache full:https://registry.npmjs.org/@img%2fsharp-darwin-arm64 cache-miss
206 http fetch GET 200 https://registry.npmjs.org/source-map-js 74ms (cache miss)
207 silly packumentCache full:https://registry.npmjs.org/source-map-js set size:undefined disposed:false
208 silly fetch manifest @img/sharp-linux-riscv64@0.34.5
209 silly packumentCache full:https://registry.npmjs.org/@img%2fsharp-linux-riscv64 cache-miss
210 http fetch GET 200 https://registry.npmjs.org/@img%2fsharp-wasm32 84ms (cache miss)
211 silly packumentCache full:https://registry.npmjs.org/@img%2fsharp-wasm32 set size:undefined disposed:false
212 silly fetch manifest @img/sharp-linuxmusl-x64@0.34.5
213 silly packumentCache full:https://registry.npmjs.org/@img%2fsharp-linuxmusl-x64 cache-miss
214 http fetch GET 200 https://registry.npmjs.org/@img%2fsharp-linux-x64 84ms (cache miss)
215 silly packumentCache full:https://registry.npmjs.org/@img%2fsharp-linux-x64 set size:undefined disposed:false
216 silly fetch manifest @img/sharp-linuxmusl-arm64@0.34.5
217 silly packumentCache full:https://registry.npmjs.org/@img%2fsharp-linuxmusl-arm64 cache-miss
218 http fetch GET 200 https://registry.npmjs.org/@img%2fsharp-win32-ia32 86ms (cache miss)
219 silly packumentCache full:https://registry.npmjs.org/@img%2fsharp-win32-ia32 set size:undefined disposed:false
220 silly fetch manifest @img/sharp-libvips-linux-arm@1.2.4
221 silly packumentCache full:https://registry.npmjs.org/@img%2fsharp-libvips-linux-arm cache-miss
222 http fetch GET 200 https://registry.npmjs.org/@img%2fcolour 88ms (cache miss)
223 silly packumentCache full:https://registry.npmjs.org/@img%2fcolour set size:undefined disposed:false
224 silly fetch manifest @img/sharp-libvips-linux-x64@1.2.4
225 silly packumentCache full:https://registry.npmjs.org/@img%2fsharp-libvips-linux-x64 cache-miss
226 http fetch GET 200 https://registry.npmjs.org/@img%2fsharp-linux-arm 88ms (cache miss)
227 silly packumentCache full:https://registry.npmjs.org/@img%2fsharp-linux-arm set size:undefined disposed:false
228 silly fetch manifest @img/sharp-libvips-darwin-x64@1.2.4
229 silly packumentCache full:https://registry.npmjs.org/@img%2fsharp-libvips-darwin-x64 cache-miss
230 http fetch GET 200 https://registry.npmjs.org/semver 90ms (cache miss)
231 silly packumentCache full:https://registry.npmjs.org/semver set size:undefined disposed:false
232 silly fetch manifest @img/sharp-libvips-linux-arm64@1.2.4
233 silly packumentCache full:https://registry.npmjs.org/@img%2fsharp-libvips-linux-arm64 cache-miss
234 http fetch GET 200 https://registry.npmjs.org/nanoid 94ms (cache miss)
235 silly packumentCache full:https://registry.npmjs.org/nanoid set size:undefined disposed:false
236 silly fetch manifest @img/sharp-libvips-linux-ppc64@1.2.4
237 silly packumentCache full:https://registry.npmjs.org/@img%2fsharp-libvips-linux-ppc64 cache-miss
238 http fetch GET 200 https://registry.npmjs.org/@img%2fsharp-linux-ppc64 99ms (cache miss)
239 silly packumentCache full:https://registry.npmjs.org/@img%2fsharp-linux-ppc64 set size:undefined disposed:false
240 silly fetch manifest @img/sharp-libvips-linux-s390x@1.2.4
241 silly packumentCache full:https://registry.npmjs.org/@img%2fsharp-libvips-linux-s390x cache-miss
242 http fetch GET 200 https://registry.npmjs.org/@img%2fsharp-darwin-x64 103ms (cache miss)
243 silly packumentCache full:https://registry.npmjs.org/@img%2fsharp-darwin-x64 set size:undefined disposed:false
244 silly fetch manifest @img/sharp-libvips-darwin-arm64@1.2.4
245 silly packumentCache full:https://registry.npmjs.org/@img%2fsharp-libvips-darwin-arm64 cache-miss
246 http fetch GET 200 https://registry.npmjs.org/@img%2fsharp-linux-s390x 106ms (cache miss)
247 silly packumentCache full:https://registry.npmjs.org/@img%2fsharp-linux-s390x set size:undefined disposed:false
248 silly fetch manifest @img/sharp-libvips-linux-riscv64@1.2.4
249 silly packumentCache full:https://registry.npmjs.org/@img%2fsharp-libvips-linux-riscv64 cache-miss
250 http fetch GET 200 https://registry.npmjs.org/@img%2fsharp-win32-x64 108ms (cache miss)
251 silly packumentCache full:https://registry.npmjs.org/@img%2fsharp-win32-x64 set size:undefined disposed:false
252 silly fetch manifest @img/sharp-libvips-linuxmusl-x64@1.2.4
253 silly packumentCache full:https://registry.npmjs.org/@img%2fsharp-libvips-linuxmusl-x64 cache-miss
254 http fetch GET 200 https://registry.npmjs.org/@img%2fsharp-linux-arm64 119ms (cache miss)
255 silly packumentCache full:https://registry.npmjs.org/@img%2fsharp-linux-arm64 set size:undefined disposed:false
256 silly fetch manifest @img/sharp-libvips-linuxmusl-arm64@1.2.4
257 silly packumentCache full:https://registry.npmjs.org/@img%2fsharp-libvips-linuxmusl-arm64 cache-miss
258 http fetch GET 200 https://registry.npmjs.org/@img%2fsharp-win32-arm64 71ms (cache miss)
259 silly packumentCache full:https://registry.npmjs.org/@img%2fsharp-win32-arm64 set size:undefined disposed:false
260 silly fetch manifest client-only@0.0.1
261 silly packumentCache full:https://registry.npmjs.org/client-only cache-miss
262 http fetch GET 200 https://registry.npmjs.org/@img%2fsharp-linuxmusl-x64 82ms (cache miss)
263 silly packumentCache full:https://registry.npmjs.org/@img%2fsharp-linuxmusl-x64 set size:undefined disposed:false
264 http fetch GET 200 https://registry.npmjs.org/@img%2fsharp-linux-riscv64 92ms (cache miss)
265 silly packumentCache full:https://registry.npmjs.org/@img%2fsharp-linux-riscv64 set size:undefined disposed:false
266 http fetch GET 200 https://registry.npmjs.org/@img%2fsharp-darwin-arm64 95ms (cache miss)
267 silly packumentCache full:https://registry.npmjs.org/@img%2fsharp-darwin-arm64 set size:undefined disposed:false
268 http fetch GET 200 https://registry.npmjs.org/@img%2fsharp-libvips-linux-arm 81ms (cache miss)
269 silly packumentCache full:https://registry.npmjs.org/@img%2fsharp-libvips-linux-arm set size:undefined disposed:false
270 http fetch GET 200 https://registry.npmjs.org/@img%2fsharp-libvips-linux-x64 83ms (cache miss)
271 silly packumentCache full:https://registry.npmjs.org/@img%2fsharp-libvips-linux-x64 set size:undefined disposed:false
272 http fetch GET 200 https://registry.npmjs.org/@img%2fsharp-libvips-darwin-x64 82ms (cache miss)
273 silly packumentCache full:https://registry.npmjs.org/@img%2fsharp-libvips-darwin-x64 set size:undefined disposed:false
274 http fetch GET 200 https://registry.npmjs.org/@img%2fsharp-linuxmusl-arm64 87ms (cache miss)
275 silly packumentCache full:https://registry.npmjs.org/@img%2fsharp-linuxmusl-arm64 set size:undefined disposed:false
276 http fetch GET 200 https://registry.npmjs.org/@img%2fsharp-libvips-linux-arm64 81ms (cache miss)
277 silly packumentCache full:https://registry.npmjs.org/@img%2fsharp-libvips-linux-arm64 set size:undefined disposed:false
278 http fetch GET 200 https://registry.npmjs.org/@img%2fsharp-libvips-linux-ppc64 80ms (cache miss)
279 silly packumentCache full:https://registry.npmjs.org/@img%2fsharp-libvips-linux-ppc64 set size:undefined disposed:false
280 http fetch GET 200 https://registry.npmjs.org/@img%2fsharp-libvips-linuxmusl-x64 74ms (cache miss)
281 silly packumentCache full:https://registry.npmjs.org/@img%2fsharp-libvips-linuxmusl-x64 set size:undefined disposed:false
282 http fetch GET 200 https://registry.npmjs.org/@img%2fsharp-libvips-darwin-arm64 86ms (cache miss)
283 silly packumentCache full:https://registry.npmjs.org/@img%2fsharp-libvips-darwin-arm64 set size:undefined disposed:false
284 http fetch GET 200 https://registry.npmjs.org/client-only 57ms (cache miss)
285 silly packumentCache full:https://registry.npmjs.org/client-only set size:undefined disposed:false
286 http fetch GET 200 https://registry.npmjs.org/@img%2fsharp-libvips-linux-s390x 93ms (cache miss)
287 silly packumentCache full:https://registry.npmjs.org/@img%2fsharp-libvips-linux-s390x set size:undefined disposed:false
288 http fetch GET 200 https://registry.npmjs.org/@img%2fsharp-libvips-linuxmusl-arm64 83ms (cache miss)
289 silly packumentCache full:https://registry.npmjs.org/@img%2fsharp-libvips-linuxmusl-arm64 set size:undefined disposed:false
290 http fetch GET 200 https://registry.npmjs.org/@img%2fsharp-libvips-linux-riscv64 103ms (cache miss)
291 silly packumentCache full:https://registry.npmjs.org/@img%2fsharp-libvips-linux-riscv64 set size:undefined disposed:false
292 silly placeDep ROOT nanoid@3.3.12 OK for: postcss@8.4.31 want: ^3.3.6
293 silly placeDep ROOT picocolors@1.1.1 OK for: postcss@8.4.31 want: ^1.0.0
294 silly placeDep ROOT source-map-js@1.2.1 OK for: postcss@8.4.31 want: ^1.0.2
295 silly placeDep ROOT scheduler@0.27.0 OK for: react-dom@19.2.4 want: ^0.27.0
296 silly placeDep ROOT @img/colour@1.1.0 OK for: sharp@0.34.5 want: ^1.0.0
297 silly placeDep ROOT @img/sharp-darwin-arm64@0.34.5 OK for: sharp@0.34.5 want: 0.34.5
298 silly placeDep ROOT @img/sharp-darwin-x64@0.34.5 OK for: sharp@0.34.5 want: 0.34.5
299 silly placeDep ROOT @img/sharp-libvips-darwin-arm64@1.2.4 OK for: sharp@0.34.5 want: 1.2.4
300 silly placeDep ROOT @img/sharp-libvips-darwin-x64@1.2.4 OK for: sharp@0.34.5 want: 1.2.4
301 silly placeDep ROOT @img/sharp-libvips-linux-arm@1.2.4 OK for: sharp@0.34.5 want: 1.2.4
302 silly placeDep ROOT @img/sharp-libvips-linux-arm64@1.2.4 OK for: sharp@0.34.5 want: 1.2.4
303 silly placeDep ROOT @img/sharp-libvips-linux-ppc64@1.2.4 OK for: sharp@0.34.5 want: 1.2.4
304 silly placeDep ROOT @img/sharp-libvips-linux-riscv64@1.2.4 OK for: sharp@0.34.5 want: 1.2.4
305 silly placeDep ROOT @img/sharp-libvips-linux-s390x@1.2.4 OK for: sharp@0.34.5 want: 1.2.4
306 silly placeDep ROOT @img/sharp-libvips-linux-x64@1.2.4 OK for: sharp@0.34.5 want: 1.2.4
307 silly placeDep ROOT @img/sharp-libvips-linuxmusl-arm64@1.2.4 OK for: sharp@0.34.5 want: 1.2.4
308 silly placeDep ROOT @img/sharp-libvips-linuxmusl-x64@1.2.4 OK for: sharp@0.34.5 want: 1.2.4
309 silly placeDep ROOT @img/sharp-linux-arm@0.34.5 OK for: sharp@0.34.5 want: 0.34.5
310 silly placeDep ROOT @img/sharp-linux-arm64@0.34.5 OK for: sharp@0.34.5 want: 0.34.5
311 silly placeDep ROOT @img/sharp-linux-ppc64@0.34.5 OK for: sharp@0.34.5 want: 0.34.5
312 silly placeDep ROOT @img/sharp-linux-riscv64@0.34.5 OK for: sharp@0.34.5 want: 0.34.5
313 silly placeDep ROOT @img/sharp-linux-s390x@0.34.5 OK for: sharp@0.34.5 want: 0.34.5
314 silly placeDep ROOT @img/sharp-linux-x64@0.34.5 OK for: sharp@0.34.5 want: 0.34.5
315 silly placeDep ROOT @img/sharp-linuxmusl-arm64@0.34.5 OK for: sharp@0.34.5 want: 0.34.5
316 silly placeDep ROOT @img/sharp-linuxmusl-x64@0.34.5 OK for: sharp@0.34.5 want: 0.34.5
317 silly placeDep ROOT @img/sharp-wasm32@0.34.5 OK for: sharp@0.34.5 want: 0.34.5
318 silly placeDep ROOT @img/sharp-win32-arm64@0.34.5 OK for: sharp@0.34.5 want: 0.34.5
319 silly placeDep ROOT @img/sharp-win32-ia32@0.34.5 OK for: sharp@0.34.5 want: 0.34.5
320 silly placeDep ROOT @img/sharp-win32-x64@0.34.5 OK for: sharp@0.34.5 want: 0.34.5
321 silly placeDep ROOT detect-libc@2.1.2 OK for: sharp@0.34.5 want: ^2.1.2
322 silly placeDep ROOT semver@7.8.0 OK for: sharp@0.34.5 want: ^7.7.3
323 silly fetch manifest @emnapi/runtime@^1.7.0
324 silly packumentCache full:https://registry.npmjs.org/@emnapi%2fruntime cache-miss
325 http fetch GET 200 https://registry.npmjs.org/@emnapi%2fruntime 77ms (cache miss)
326 silly packumentCache full:https://registry.npmjs.org/@emnapi%2fruntime set size:undefined disposed:false
327 silly placeDep ROOT @emnapi/runtime@1.10.0 OK for: @img/sharp-wasm32@0.34.5 want: ^1.7.0
328 silly placeDep ROOT client-only@0.0.1 OK for: styled-jsx@5.1.6 want: 0.0.1
329 silly reify moves {}
330 silly audit bulk request {
330 silly audit   clsx: [ '2.1.1' ],
330 silly audit   'framer-motion': [ '12.38.0' ],
330 silly audit   'lucide-react': [ '1.14.0' ],
330 silly audit   next: [ '16.2.6' ],
330 silly audit   react: [ '19.2.4' ],
330 silly audit   'react-dom': [ '19.2.4' ],
330 silly audit   'motion-dom': [ '12.38.0' ],
330 silly audit   'motion-utils': [ '12.36.0' ],
330 silly audit   tslib: [ '2.8.1' ],
330 silly audit   '@next/env': [ '16.2.6' ],
330 silly audit   '@next/swc-darwin-arm64': [ '16.2.6' ],
330 silly audit   '@next/swc-darwin-x64': [ '16.2.6' ],
330 silly audit   '@next/swc-linux-arm64-gnu': [ '16.2.6' ],
330 silly audit   '@next/swc-linux-arm64-musl': [ '16.2.6' ],
330 silly audit   '@next/swc-linux-x64-gnu': [ '16.2.6' ],
330 silly audit   '@next/swc-linux-x64-musl': [ '16.2.6' ],
330 silly audit   '@next/swc-win32-arm64-msvc': [ '16.2.6' ],
330 silly audit   '@next/swc-win32-x64-msvc': [ '16.2.6' ],
330 silly audit   '@swc/helpers': [ '0.5.15' ],
330 silly audit   'baseline-browser-mapping': [ '2.10.29' ],
330 silly audit   'caniuse-lite': [ '1.0.30001792' ],
330 silly audit   postcss: [ '8.4.31' ],
330 silly audit   sharp: [ '0.34.5' ],
330 silly audit   'styled-jsx': [ '5.1.6' ],
330 silly audit   nanoid: [ '3.3.12' ],
330 silly audit   picocolors: [ '1.1.1' ],
330 silly audit   'source-map-js': [ '1.2.1' ],
330 silly audit   scheduler: [ '0.27.0' ],
330 silly audit   '@img/colour': [ '1.1.0' ],
330 silly audit   '@img/sharp-darwin-arm64': [ '0.34.5' ],
330 silly audit   '@img/sharp-darwin-x64': [ '0.34.5' ],
330 silly audit   '@img/sharp-libvips-darwin-arm64': [ '1.2.4' ],
330 silly audit   '@img/sharp-libvips-darwin-x64': [ '1.2.4' ],
330 silly audit   '@img/sharp-libvips-linux-arm': [ '1.2.4' ],
330 silly audit   '@img/sharp-libvips-linux-arm64': [ '1.2.4' ],
330 silly audit   '@img/sharp-libvips-linux-ppc64': [ '1.2.4' ],
330 silly audit   '@img/sharp-libvips-linux-riscv64': [ '1.2.4' ],
330 silly audit   '@img/sharp-libvips-linux-s390x': [ '1.2.4' ],
330 silly audit   '@img/sharp-libvips-linux-x64': [ '1.2.4' ],
330 silly audit   '@img/sharp-libvips-linuxmusl-arm64': [ '1.2.4' ],
330 silly audit   '@img/sharp-libvips-linuxmusl-x64': [ '1.2.4' ],
330 silly audit   '@img/sharp-linux-arm': [ '0.34.5' ],
330 silly audit   '@img/sharp-linux-arm64': [ '0.34.5' ],
330 silly audit   '@img/sharp-linux-ppc64': [ '0.34.5' ],
330 silly audit   '@img/sharp-linux-riscv64': [ '0.34.5' ],
330 silly audit   '@img/sharp-linux-s390x': [ '0.34.5' ],
330 silly audit   '@img/sharp-linux-x64': [ '0.34.5' ],
330 silly audit   '@img/sharp-linuxmusl-arm64': [ '0.34.5' ],
330 silly audit   '@img/sharp-linuxmusl-x64': [ '0.34.5' ],
330 silly audit   '@img/sharp-wasm32': [ '0.34.5' ],
330 silly audit   '@img/sharp-win32-arm64': [ '0.34.5' ],
330 silly audit   '@img/sharp-win32-ia32': [ '0.34.5' ],
330 silly audit   '@img/sharp-win32-x64': [ '0.34.5' ],
330 silly audit   'detect-libc': [ '2.1.2' ],
330 silly audit   semver: [ '7.8.0' ],
330 silly audit   '@emnapi/runtime': [ '1.10.0' ],
330 silly audit   'client-only': [ '0.0.1' ]
330 silly audit }
331 verbose reify failed optional dependency D:\salepageclassicv2\node_modules\@img\sharp-win32-ia32
332 silly reify mark deleted [ 'D:\\salepageclassicv2\\node_modules\\@img\\sharp-win32-ia32' ]
333 verbose reify failed optional dependency D:\salepageclassicv2\node_modules\@img\sharp-win32-arm64
334 silly reify mark deleted [ 'D:\\salepageclassicv2\\node_modules\\@img\\sharp-win32-arm64' ]
335 verbose reify failed optional dependency D:\salepageclassicv2\node_modules\@img\sharp-wasm32
336 silly reify mark deleted [ 'D:\\salepageclassicv2\\node_modules\\@img\\sharp-wasm32' ]
337 verbose reify failed optional dependency D:\salepageclassicv2\node_modules\@emnapi\runtime
338 silly reify mark deleted [ 'D:\\salepageclassicv2\\node_modules\\@emnapi\\runtime' ]
339 verbose reify failed optional dependency D:\salepageclassicv2\node_modules\@img\sharp-linuxmusl-x64
340 silly reify mark deleted [ 'D:\\salepageclassicv2\\node_modules\\@img\\sharp-linuxmusl-x64' ]
341 verbose reify failed optional dependency D:\salepageclassicv2\node_modules\@img\sharp-linuxmusl-arm64
342 silly reify mark deleted [ 'D:\\salepageclassicv2\\node_modules\\@img\\sharp-linuxmusl-arm64' ]
343 verbose reify failed optional dependency D:\salepageclassicv2\node_modules\@img\sharp-linux-x64
344 silly reify mark deleted [ 'D:\\salepageclassicv2\\node_modules\\@img\\sharp-linux-x64' ]
345 verbose reify failed optional dependency D:\salepageclassicv2\node_modules\@img\sharp-linux-s390x
346 silly reify mark deleted [ 'D:\\salepageclassicv2\\node_modules\\@img\\sharp-linux-s390x' ]
347 verbose reify failed optional dependency D:\salepageclassicv2\node_modules\@img\sharp-linux-riscv64
348 silly reify mark deleted [ 'D:\\salepageclassicv2\\node_modules\\@img\\sharp-linux-riscv64' ]
349 verbose reify failed optional dependency D:\salepageclassicv2\node_modules\@img\sharp-linux-ppc64
350 silly reify mark deleted [ 'D:\\salepageclassicv2\\node_modules\\@img\\sharp-linux-ppc64' ]
351 verbose reify failed optional dependency D:\salepageclassicv2\node_modules\@img\sharp-linux-arm64
352 silly reify mark deleted [ 'D:\\salepageclassicv2\\node_modules\\@img\\sharp-linux-arm64' ]
353 verbose reify failed optional dependency D:\salepageclassicv2\node_modules\@img\sharp-linux-arm
354 silly reify mark deleted [ 'D:\\salepageclassicv2\\node_modules\\@img\\sharp-linux-arm' ]
355 verbose reify failed optional dependency D:\salepageclassicv2\node_modules\@img\sharp-libvips-linuxmusl-x64
356 silly reify mark deleted [
356 silly reify   'D:\\salepageclassicv2\\node_modules\\@img\\sharp-libvips-linuxmusl-x64'
356 silly reify ]
357 verbose reify failed optional dependency D:\salepageclassicv2\node_modules\@img\sharp-libvips-linuxmusl-arm64
358 silly reify mark deleted [
358 silly reify   'D:\\salepageclassicv2\\node_modules\\@img\\sharp-libvips-linuxmusl-arm64'
358 silly reify ]
359 verbose reify failed optional dependency D:\salepageclassicv2\node_modules\@img\sharp-libvips-linux-x64
360 silly reify mark deleted [
360 silly reify   'D:\\salepageclassicv2\\node_modules\\@img\\sharp-libvips-linux-x64'
360 silly reify ]
361 verbose reify failed optional dependency D:\salepageclassicv2\node_modules\@img\sharp-libvips-linux-s390x
362 silly reify mark deleted [
362 silly reify   'D:\\salepageclassicv2\\node_modules\\@img\\sharp-libvips-linux-s390x'
362 silly reify ]
363 verbose reify failed optional dependency D:\salepageclassicv2\node_modules\@img\sharp-libvips-linux-riscv64
364 silly reify mark deleted [
364 silly reify   'D:\\salepageclassicv2\\node_modules\\@img\\sharp-libvips-linux-riscv64'
364 silly reify ]
365 verbose reify failed optional dependency D:\salepageclassicv2\node_modules\@img\sharp-libvips-linux-ppc64
366 silly reify mark deleted [
366 silly reify   'D:\\salepageclassicv2\\node_modules\\@img\\sharp-libvips-linux-ppc64'
366 silly reify ]
367 verbose reify failed optional dependency D:\salepageclassicv2\node_modules\@img\sharp-libvips-linux-arm64
368 silly reify mark deleted [
368 silly reify   'D:\\salepageclassicv2\\node_modules\\@img\\sharp-libvips-linux-arm64'
368 silly reify ]
369 verbose reify failed optional dependency D:\salepageclassicv2\node_modules\@img\sharp-libvips-linux-arm
370 silly reify mark deleted [
370 silly reify   'D:\\salepageclassicv2\\node_modules\\@img\\sharp-libvips-linux-arm'
370 silly reify ]
371 verbose reify failed optional dependency D:\salepageclassicv2\node_modules\@img\sharp-libvips-darwin-x64
372 silly reify mark deleted [
372 silly reify   'D:\\salepageclassicv2\\node_modules\\@img\\sharp-libvips-darwin-x64'
372 silly reify ]
373 verbose reify failed optional dependency D:\salepageclassicv2\node_modules\@img\sharp-libvips-darwin-arm64
374 silly reify mark deleted [
374 silly reify   'D:\\salepageclassicv2\\node_modules\\@img\\sharp-libvips-darwin-arm64'
374 silly reify ]
375 verbose reify failed optional dependency D:\salepageclassicv2\node_modules\@img\sharp-darwin-x64
376 silly reify mark deleted [ 'D:\\salepageclassicv2\\node_modules\\@img\\sharp-darwin-x64' ]
377 verbose reify failed optional dependency D:\salepageclassicv2\node_modules\@img\sharp-darwin-arm64
378 silly reify mark deleted [ 'D:\\salepageclassicv2\\node_modules\\@img\\sharp-darwin-arm64' ]
379 verbose reify failed optional dependency D:\salepageclassicv2\node_modules\@next\swc-win32-arm64-msvc
380 silly reify mark deleted [ 'D:\\salepageclassicv2\\node_modules\\@next\\swc-win32-arm64-msvc' ]
381 verbose reify failed optional dependency D:\salepageclassicv2\node_modules\@next\swc-linux-x64-musl
382 silly reify mark deleted [ 'D:\\salepageclassicv2\\node_modules\\@next\\swc-linux-x64-musl' ]
383 verbose reify failed optional dependency D:\salepageclassicv2\node_modules\@next\swc-linux-x64-gnu
384 silly reify mark deleted [ 'D:\\salepageclassicv2\\node_modules\\@next\\swc-linux-x64-gnu' ]
385 verbose reify failed optional dependency D:\salepageclassicv2\node_modules\@next\swc-linux-arm64-musl
386 silly reify mark deleted [ 'D:\\salepageclassicv2\\node_modules\\@next\\swc-linux-arm64-musl' ]
387 verbose reify failed optional dependency D:\salepageclassicv2\node_modules\@next\swc-linux-arm64-gnu
388 silly reify mark deleted [ 'D:\\salepageclassicv2\\node_modules\\@next\\swc-linux-arm64-gnu' ]
389 verbose reify failed optional dependency D:\salepageclassicv2\node_modules\@next\swc-darwin-x64
390 silly reify mark deleted [ 'D:\\salepageclassicv2\\node_modules\\@next\\swc-darwin-x64' ]
391 verbose reify failed optional dependency D:\salepageclassicv2\node_modules\@next\swc-darwin-arm64
392 silly reify mark deleted [ 'D:\\salepageclassicv2\\node_modules\\@next\\swc-darwin-arm64' ]
393 http cache client-only@https://registry.npmjs.org/client-only/-/client-only-0.0.1.tgz 0ms (cache hit)
394 http cache semver@https://registry.npmjs.org/semver/-/semver-7.8.0.tgz 0ms (cache hit)
395 http cache detect-libc@https://registry.npmjs.org/detect-libc/-/detect-libc-2.1.2.tgz 0ms (cache hit)
396 http cache @emnapi/runtime@https://registry.npmjs.org/@emnapi/runtime/-/runtime-1.10.0.tgz 0ms (cache hit)
397 http cache @img/sharp-win32-x64@https://registry.npmjs.org/@img/sharp-win32-x64/-/sharp-win32-x64-0.34.5.tgz 0ms (cache hit)
398 http cache scheduler@https://registry.npmjs.org/scheduler/-/scheduler-0.27.0.tgz 0ms (cache hit)
399 http cache @img/colour@https://registry.npmjs.org/@img/colour/-/colour-1.1.0.tgz 0ms (cache hit)
400 http cache source-map-js@https://registry.npmjs.org/source-map-js/-/source-map-js-1.2.1.tgz 0ms (cache hit)
401 http cache nanoid@https://registry.npmjs.org/nanoid/-/nanoid-3.3.12.tgz 0ms (cache hit)
402 http cache picocolors@https://registry.npmjs.org/picocolors/-/picocolors-1.1.1.tgz 0ms (cache hit)
403 http cache styled-jsx@https://registry.npmjs.org/styled-jsx/-/styled-jsx-5.1.6.tgz 0ms (cache hit)
404 http cache sharp@https://registry.npmjs.org/sharp/-/sharp-0.34.5.tgz 0ms (cache hit)
405 http cache postcss@https://registry.npmjs.org/postcss/-/postcss-8.4.31.tgz 0ms (cache hit)
406 http cache caniuse-lite@https://registry.npmjs.org/caniuse-lite/-/caniuse-lite-1.0.30001792.tgz 0ms (cache hit)
407 http cache baseline-browser-mapping@https://registry.npmjs.org/baseline-browser-mapping/-/baseline-browser-mapping-2.10.29.tgz 0ms (cache hit)
408 http cache @swc/helpers@https://registry.npmjs.org/@swc/helpers/-/helpers-0.5.15.tgz 0ms (cache hit)
409 http cache @next/swc-win32-x64-msvc@https://registry.npmjs.org/@next/swc-win32-x64-msvc/-/swc-win32-x64-msvc-16.2.6.tgz 0ms (cache hit)
410 http cache @next/env@https://registry.npmjs.org/@next/env/-/env-16.2.6.tgz 0ms (cache hit)
411 http cache tslib@https://registry.npmjs.org/tslib/-/tslib-2.8.1.tgz 0ms (cache hit)
412 http cache motion-utils@https://registry.npmjs.org/motion-utils/-/motion-utils-12.36.0.tgz 0ms (cache hit)
413 http cache motion-dom@https://registry.npmjs.org/motion-dom/-/motion-dom-12.38.0.tgz 0ms (cache hit)
414 http cache react-dom@https://registry.npmjs.org/react-dom/-/react-dom-19.2.4.tgz 0ms (cache hit)
415 http cache react@https://registry.npmjs.org/react/-/react-19.2.4.tgz 0ms (cache hit)
416 http cache next@https://registry.npmjs.org/next/-/next-16.2.6.tgz 0ms (cache hit)
417 http cache lucide-react@https://registry.npmjs.org/lucide-react/-/lucide-react-1.14.0.tgz 0ms (cache hit)
418 http cache framer-motion@https://registry.npmjs.org/framer-motion/-/framer-motion-12.38.0.tgz 0ms (cache hit)
419 http cache clsx@https://registry.npmjs.org/clsx/-/clsx-2.1.1.tgz 0ms (cache hit)
420 silly tarball no local data for client-only@https://registry.npmjs.org/client-only/-/client-only-0.0.1.tgz. Extracting by manifest.
421 silly tarball no local data for semver@https://registry.npmjs.org/semver/-/semver-7.8.0.tgz. Extracting by manifest.
422 silly tarball no local data for detect-libc@https://registry.npmjs.org/detect-libc/-/detect-libc-2.1.2.tgz. Extracting by manifest.
423 silly tarball no local data for @emnapi/runtime@https://registry.npmjs.org/@emnapi/runtime/-/runtime-1.10.0.tgz. Extracting by manifest.
424 silly tarball no local data for @img/sharp-win32-x64@https://registry.npmjs.org/@img/sharp-win32-x64/-/sharp-win32-x64-0.34.5.tgz. Extracting by manifest.
425 silly tarball no local data for scheduler@https://registry.npmjs.org/scheduler/-/scheduler-0.27.0.tgz. Extracting by manifest.
426 silly tarball no local data for @img/colour@https://registry.npmjs.org/@img/colour/-/colour-1.1.0.tgz. Extracting by manifest.
427 silly tarball no local data for source-map-js@https://registry.npmjs.org/source-map-js/-/source-map-js-1.2.1.tgz. Extracting by manifest.
428 silly tarball no local data for nanoid@https://registry.npmjs.org/nanoid/-/nanoid-3.3.12.tgz. Extracting by manifest.
429 silly tarball no local data for picocolors@https://registry.npmjs.org/picocolors/-/picocolors-1.1.1.tgz. Extracting by manifest.
430 silly tarball no local data for styled-jsx@https://registry.npmjs.org/styled-jsx/-/styled-jsx-5.1.6.tgz. Extracting by manifest.
431 silly tarball no local data for sharp@https://registry.npmjs.org/sharp/-/sharp-0.34.5.tgz. Extracting by manifest.
432 silly tarball no local data for postcss@https://registry.npmjs.org/postcss/-/postcss-8.4.31.tgz. Extracting by manifest.
433 silly tarball no local data for caniuse-lite@https://registry.npmjs.org/caniuse-lite/-/caniuse-lite-1.0.30001792.tgz. Extracting by manifest.
434 silly tarball no local data for baseline-browser-mapping@https://registry.npmjs.org/baseline-browser-mapping/-/baseline-browser-mapping-2.10.29.tgz. Extracting by manifest.
435 silly tarball no local data for @swc/helpers@https://registry.npmjs.org/@swc/helpers/-/helpers-0.5.15.tgz. Extracting by manifest.
436 silly tarball no local data for @next/swc-win32-x64-msvc@https://registry.npmjs.org/@next/swc-win32-x64-msvc/-/swc-win32-x64-msvc-16.2.6.tgz. Extracting by manifest.
437 silly tarball no local data for @next/env@https://registry.npmjs.org/@next/env/-/env-16.2.6.tgz. Extracting by manifest.
438 silly tarball no local data for tslib@https://registry.npmjs.org/tslib/-/tslib-2.8.1.tgz. Extracting by manifest.
439 silly tarball no local data for motion-utils@https://registry.npmjs.org/motion-utils/-/motion-utils-12.36.0.tgz. Extracting by manifest.
440 silly tarball no local data for motion-dom@https://registry.npmjs.org/motion-dom/-/motion-dom-12.38.0.tgz. Extracting by manifest.
441 silly tarball no local data for react-dom@https://registry.npmjs.org/react-dom/-/react-dom-19.2.4.tgz. Extracting by manifest.
442 silly tarball no local data for react@https://registry.npmjs.org/react/-/react-19.2.4.tgz. Extracting by manifest.
443 silly tarball no local data for next@https://registry.npmjs.org/next/-/next-16.2.6.tgz. Extracting by manifest.
444 silly tarball no local data for lucide-react@https://registry.npmjs.org/lucide-react/-/lucide-react-1.14.0.tgz. Extracting by manifest.
445 silly tarball no local data for framer-motion@https://registry.npmjs.org/framer-motion/-/framer-motion-12.38.0.tgz. Extracting by manifest.
446 silly tarball no local data for clsx@https://registry.npmjs.org/clsx/-/clsx-2.1.1.tgz. Extracting by manifest.
447 http fetch GET 200 https://registry.npmjs.org/detect-libc/-/detect-libc-2.1.2.tgz 91ms (cache miss)
448 http fetch GET 200 https://registry.npmjs.org/scheduler/-/scheduler-0.27.0.tgz 92ms (cache miss)
449 http fetch GET 200 https://registry.npmjs.org/nanoid/-/nanoid-3.3.12.tgz 94ms (cache miss)
450 http fetch GET 200 https://registry.npmjs.org/picocolors/-/picocolors-1.1.1.tgz 93ms (cache miss)
451 http fetch GET 200 https://registry.npmjs.org/client-only/-/client-only-0.0.1.tgz 110ms (cache miss)
452 http fetch GET 200 https://registry.npmjs.org/source-map-js/-/source-map-js-1.2.1.tgz 124ms (cache miss)
453 http fetch GET 200 https://registry.npmjs.org/@img/colour/-/colour-1.1.0.tgz 131ms (cache miss)
454 http fetch GET 200 https://registry.npmjs.org/@emnapi/runtime/-/runtime-1.10.0.tgz 152ms (cache miss)
455 http fetch GET 200 https://registry.npmjs.org/baseline-browser-mapping/-/baseline-browser-mapping-2.10.29.tgz 166ms (cache miss)
456 http fetch GET 200 https://registry.npmjs.org/@next/env/-/env-16.2.6.tgz 171ms (cache miss)
457 http fetch GET 200 https://registry.npmjs.org/styled-jsx/-/styled-jsx-5.1.6.tgz 191ms (cache miss)
458 http fetch GET 200 https://registry.npmjs.org/tslib/-/tslib-2.8.1.tgz 193ms (cache miss)
459 http fetch GET 200 https://registry.npmjs.org/sharp/-/sharp-0.34.5.tgz 204ms (cache miss)
460 http fetch GET 200 https://registry.npmjs.org/semver/-/semver-7.8.0.tgz 231ms (cache miss)
461 http fetch GET 200 https://registry.npmjs.org/postcss/-/postcss-8.4.31.tgz 229ms (cache miss)
462 http fetch GET 200 https://registry.npmjs.org/react/-/react-19.2.4.tgz 227ms (cache miss)
463 http fetch POST 200 https://registry.npmjs.org/-/npm/v1/security/advisories/bulk 247ms
464 silly audit report {
464 silly audit report   postcss: [
464 silly audit report     {
464 silly audit report       id: 1117015,
464 silly audit report       url: 'https://github.com/advisories/GHSA-qx2v-qp2m-jg93',
464 silly audit report       title: 'PostCSS has XSS via Unescaped </style> in its CSS Stringify Output',
464 silly audit report       severity: 'moderate',
464 silly audit report       vulnerable_versions: '<8.5.10',
464 silly audit report       cwe: [Array],
464 silly audit report       cvss: [Object]
464 silly audit report     }
464 silly audit report   ]
464 silly audit report }
465 silly packumentCache corgi:https://registry.npmjs.org/postcss cache-miss
466 http fetch GET 200 https://registry.npmjs.org/motion-utils/-/motion-utils-12.36.0.tgz 278ms (cache miss)
467 http fetch GET 200 https://registry.npmjs.org/postcss 94ms (cache miss)
468 silly packumentCache corgi:https://registry.npmjs.org/postcss set size:undefined disposed:false
469 silly packumentCache corgi:https://registry.npmjs.org/next cache-miss
470 http fetch GET 200 https://registry.npmjs.org/clsx/-/clsx-2.1.1.tgz 374ms (cache miss)
471 http fetch GET 200 https://registry.npmjs.org/react-dom/-/react-dom-19.2.4.tgz 468ms (cache miss)
472 http fetch GET 200 https://registry.npmjs.org/@img/sharp-win32-x64/-/sharp-win32-x64-0.34.5.tgz 697ms (cache miss)
473 http fetch GET 200 https://registry.npmjs.org/@swc/helpers/-/helpers-0.5.15.tgz 947ms (cache miss)
474 http fetch GET 200 https://registry.npmjs.org/next 661ms (cache miss)
475 silly packumentCache corgi:https://registry.npmjs.org/next set size:undefined disposed:false
476 http fetch GET 200 https://registry.npmjs.org/framer-motion/-/framer-motion-12.38.0.tgz 1453ms (cache miss)
477 http fetch GET 200 https://registry.npmjs.org/motion-dom/-/motion-dom-12.38.0.tgz 1458ms (cache miss)
478 http fetch GET 200 https://registry.npmjs.org/caniuse-lite/-/caniuse-lite-1.0.30001792.tgz 1649ms (cache miss)
479 http fetch GET 200 https://registry.npmjs.org/@next/swc-win32-x64-msvc/-/swc-win32-x64-msvc-16.2.6.tgz 2115ms (cache miss)
480 http fetch GET 200 https://registry.npmjs.org/lucide-react/-/lucide-react-1.14.0.tgz 3154ms (cache miss)
481 http fetch GET 200 https://registry.npmjs.org/next/-/next-16.2.6.tgz 6215ms (cache miss)
482 info run sharp@0.34.5 install node_modules/sharp node install/check.js || npm run build
483 info run sharp@0.34.5 install { code: 0, signal: null }
484 silly ADD node_modules/client-only
485 silly ADD
486 silly ADD node_modules/semver
487 silly ADD node_modules/detect-libc
488 silly ADD node_modules/@img/sharp-win32-x64
489 silly ADD
490 silly ADD
491 silly ADD
492 silly ADD
493 silly ADD
494 silly ADD
495 silly ADD
496 silly ADD
497 silly ADD
498 silly ADD
499 silly ADD
500 silly ADD
501 silly ADD
502 silly ADD
503 silly ADD
504 silly ADD
505 silly ADD
506 silly ADD
507 silly ADD
508 silly ADD
509 silly ADD
510 silly ADD
511 silly ADD
512 silly ADD node_modules/@img/colour
513 silly ADD node_modules/scheduler
514 silly ADD node_modules/source-map-js
515 silly ADD node_modules/picocolors
516 silly ADD node_modules/nanoid
517 silly ADD node_modules/styled-jsx
518 silly ADD node_modules/sharp
519 silly ADD node_modules/postcss
520 silly ADD node_modules/caniuse-lite
521 silly ADD node_modules/baseline-browser-mapping
522 silly ADD node_modules/@swc/helpers
523 silly ADD node_modules/@next/swc-win32-x64-msvc
524 silly ADD
525 silly ADD
526 silly ADD
527 silly ADD
528 silly ADD
529 silly ADD
530 silly ADD
531 silly ADD node_modules/@next/env
532 silly ADD node_modules/tslib
533 silly ADD node_modules/motion-utils
534 silly ADD node_modules/motion-dom
535 silly ADD node_modules/react-dom
536 silly ADD node_modules/react
537 silly ADD node_modules/next
538 silly ADD node_modules/lucide-react
539 silly ADD node_modules/framer-motion
540 silly ADD node_modules/clsx
541 verbose cwd D:\salepageclassicv2
542 verbose os Windows_NT 10.0.19045
543 verbose node v22.14.0
544 verbose npm  v10.9.2
545 verbose exit 0
546 info ok
