0 verbose cli C:\Program Files\nodejs\node.exe C:\Program Files\nodejs\node_modules\npm\bin\npm-cli.js
1 info using npm@10.9.2
2 info using node@v22.14.0
3 silly config load:file:C:\Program Files\nodejs\node_modules\npm\npmrc
4 silly config load:file:D:\salepageclassicv2\.npmrc
5 silly config load:file:C:\Users\kittichon\.npmrc
6 silly config load:file:C:\Users\kittichon\AppData\Roaming\npm\etc\npmrc
7 verbose title npm init
8 verbose argv "init" "--yes"
9 verbose logfile logs-max:10 dir:D:\salepageclassicv2\npm-cache\_logs\2026-05-14T04_56_57_972Z-
10 verbose logfile D:\salepageclassicv2\npm-cache\_logs\2026-05-14T04_56_57_972Z-debug-0.log
11 silly logfile done cleaning log files
12 silly package data {
12 silly package data   name: 'salepageclassicv2',
12 silly package data   version: '1.0.0',
12 silly package data   main: 'index.js',
12 silly package data   directories: { doc: 'docs' },
12 silly package data   scripts: { test: 'echo "Error: no test specified" && exit 1' },
12 silly package data   repository: {
12 silly package data     type: 'git',
12 silly package data     url: 'git+https://github.com/kittichon-git/salepageclassicv2.git'
12 silly package data   },
12 silly package data   keywords: [],
12 silly package data   author: '',
12 silly package data   license: 'ISC',
12 silly package data   bugs: { url: 'https://github.com/kittichon-git/salepageclassicv2/issues' },
12 silly package data   homepage: 'https://github.com/kittichon-git/salepageclassicv2#readme',
12 silly package data   description: ''
12 silly package data }
13 verbose cwd D:\salepageclassicv2
14 verbose os Windows_NT 10.0.19045
15 verbose node v22.14.0
16 verbose npm  v10.9.2
17 verbose exit 0
18 info ok
